# serializer version: 1
# name: test_calc_tensile_strength
  495.26399999999995
# ---
