# name: test_calculate_pressure_resistance
  17.083104308152148
# ---
